update_chart called - data points: 0
Not enough data (need 2+, have 0), showing waiting message
HTML generated, length: 4845932, setting to web_view
update_chart called - data points: 1
Not enough data (need 2+, have 1), showing waiting message
HTML generated, length: 4845932, setting to web_view
update_chart called - data points: 2
Generating graph with 2 points, type: foreline
After filtering: 2 points in window
update_chart called - data points: 3
Generating graph with 3 points, type: foreline
After filtering: 3 points in window
update_chart called - data points: 4
Generating graph with 4 points, type: foreline
After filtering: 4 points in window
update_chart called - data points: 5
Generating graph with 5 points, type: foreline
After filtering: 5 points in window
update_chart called - data points: 6
Generating graph with 6 points, type: foreline
After filtering: 6 points in window
update_chart called - data points: 7
Generating graph with 7 points, type: foreline
After filtering: 7 points in window
update_chart called - data points: 8
Generating graph with 8 points, type: foreline
After filtering: 8 points in window
update_chart called - data points: 9
Generating graph with 9 points, type: foreline
After filtering: 9 points in window
update_chart called - data points: 10
Generating graph with 10 points, type: foreline
After filtering: 10 points in window
update_chart called - data points: 10
Generating graph with 10 points, type: uhv
After filtering: 10 points in window
update_chart called - data points: 11
Generating graph with 11 points, type: uhv
After filtering: 11 points in window
update_chart called - data points: 12
Generating graph with 12 points, type: uhv
After filtering: 12 points in window
update_chart called - data points: 13
Generating graph with 13 points, type: uhv
After filtering: 13 points in window
update_chart called - data points: 13
Generating graph with 13 points, type: foreline
After filtering: 13 points in window
update_chart called - data points: 14
Generating graph with 14 points, type: foreline
After filtering: 14 points in window
update_chart called - data points: 14
Generating graph with 14 points, type: uhv
After filtering: 14 points in window
update_chart called - data points: 15
Generating graph with 15 points, type: uhv
After filtering: 15 points in window
update_chart called - data points: 16
Generating graph with 16 points, type: uhv
After filtering: 16 points in window
update_chart called - data points: 17
Generating graph with 17 points, type: uhv
After filtering: 17 points in window
update_chart called - data points: 18
Generating graph with 18 points, type: uhv
After filtering: 18 points in window
update_chart called - data points: 19
Generating graph with 19 points, type: uhv
After filtering: 19 points in window
update_chart called - data points: 20
Generating graph with 20 points, type: uhv
After filtering: 20 points in window
update_chart called - data points: 0
Not enough data (need 2+, have 0), showing waiting message
HTML generated, length: 8008, setting to web_view
